// Vitest Snapshot v1, https://vitest.dev/guide/snapshot.html

exports[`react/editor public API > exports match snapshot 1`] = `
[
  "AnnotationPropertyPanel",
  "CommandStack",
  "CompositeCommand",
  "CreateAnnotationCommand",
  "DEFAULT_TOOL_CONFIGS",
  "DeletePageCommand",
  "EditorOverlay",
  "EditorProvider",
  "EditorToolbar",
  "FreeTextEditor",
  "InkCanvas",
  "InsertBlankPageCommand",
  "MovePageCommand",
  "PageManagementPanel",
  "REDACTION_FALLBACK_CONTENTS_MARKER",
  "RedactionOverlay",
  "RemoveAnnotationCommand",
  "SelectionOverlay",
  "SetAnnotationColourCommand",
  "SetAnnotationRectCommand",
  "SetAnnotationStringCommand",
  "ShapeCreationOverlay",
  "TextMarkupOverlay",
  "getUnknownErrorMessage",
  "isEditorRedactionAnnotation",
  "isFallbackRedactionAnnotation",
  "isNativeRedactionAnnotation",
  "isUnsupportedAnnotationCreateError",
  "useAnnotationCrud",
  "useAnnotationMutationPending",
  "useAnnotationMutationStore",
  "useAnnotationSelection",
  "useEditor",
  "useEditorDirtyState",
  "useEditorInteractionBridge",
  "useEditorOptional",
  "useEditorSave",
  "useEditorTool",
  "useFreeTextInput",
  "useInkDrawing",
  "usePageManagement",
  "useRedaction",
  "useResolvedEditorAnnotations",
  "useTextMarkup",
]
`;
