// Vitest Snapshot v1, https://vitest.dev/guide/snapshot.html

exports[`React Public API > should export expected runtime symbols 1`] = `
[
  "ActivityBar",
  "AnnotationOverlay",
  "AnnotationsPanel",
  "AttachmentsPanel",
  "BookmarkPanel",
  "CharacterInspectorOverlay",
  "DefaultToolbar",
  "DocMDPPermission",
  "DragDropZone",
  "FlattenFlags",
  "FlattenResult",
  "FormFieldType",
  "FormsPanel",
  "InfoPanel",
  "LinkOverlay",
  "LinksPanel",
  "MarqueeOverlay",
  "ObjectsPanel",
  "PDFCanvas",
  "PDFDocumentView",
  "PDFIUM_THEME_VARIABLES",
  "PDFPageView",
  "PDFToolbar",
  "PDFViewer",
  "PDFiumErrorBoundary",
  "PDFiumProvider",
  "PageNavigatorMinimap",
  "PageRotation",
  "SearchHighlightOverlay",
  "SearchPanel",
  "Separator",
  "SidebarPanel",
  "StructurePanel",
  "TextLayer",
  "TextOverlay",
  "TextPanel",
  "ThumbnailStrip",
  "ToolbarButton",
  "applyPDFiumTheme",
  "getPDFiumThemeCSS",
  "getPanelId",
  "getPanelLabel",
  "getViewportEffects",
  "pdfRectToScreen",
  "pdfToScreen",
  "prefetchPageData",
  "screenToPdf",
  "useAnnotations",
  "useAttachments",
  "useBookmarks",
  "useCharacterInspector",
  "useDevicePixelRatio",
  "useDocumentBytes",
  "useDocumentFormActions",
  "useDocumentInfo",
  "useDocumentSearch",
  "useDownload",
  "useExtendedDocumentInfo",
  "useFitZoom",
  "useFormWidgets",
  "useFullscreen",
  "useInteractionMode",
  "useJavaScriptActions",
  "useKeyboardShortcuts",
  "useLinks",
  "useMetadata",
  "useNamedDestinations",
  "usePDFPanel",
  "usePDFPanelOptional",
  "usePDFViewer",
  "usePDFViewerOptional",
  "usePDFium",
  "usePDFiumAction",
  "usePDFiumDocument",
  "usePDFiumInstance",
  "usePageDimensions",
  "usePageFormActions",
  "usePageInfo",
  "usePageLabel",
  "usePageNavigation",
  "usePageObjects",
  "usePermissions",
  "usePrint",
  "usePrintPageRanges",
  "useRenderPage",
  "useRotation",
  "useSignatures",
  "useStructureTree",
  "useSyncPDFium",
  "useTextContent",
  "useTextSearch",
  "useToolbarContext",
  "useViewerPreferences",
  "useViewerSetup",
  "useVisiblePages",
  "useWebLinks",
  "useWheelZoom",
  "useZoom",
]
`;
