// Vitest Snapshot v1, https://vitest.dev/guide/snapshot.html

exports[`Public API > should export expected symbols 1`] = `
[
  "ActionType",
  "AnnotationAppearanceMode",
  "AnnotationFlags",
  "AnnotationType",
  "AsyncDisposable",
  "AttachmentValueType",
  "BlendMode",
  "DEFAULT_LIMITS",
  "DestinationFitType",
  "Disposable",
  "DocMDPPermission",
  "DocumentActionType",
  "DocumentAvailability",
  "DocumentError",
  "DocumentPermission",
  "DuplexMode",
  "EventEmitter",
  "FlattenFlags",
  "FlattenResult",
  "FontFlags",
  "FontType",
  "FormFieldFlags",
  "FormFieldType",
  "FormModifierFlags",
  "FormType",
  "ImageColourSpace",
  "ImageMarkedContentType",
  "InitialisationError",
  "LineCapStyle",
  "LineJoinStyle",
  "LinearisationStatus",
  "MemoryError",
  "NativePDFiumDocument",
  "NativePDFiumInstance",
  "NativePDFiumPage",
  "NetworkError",
  "ObjectError",
  "PDFium",
  "PDFiumAnnotation",
  "PDFiumAttachmentWriter",
  "PDFiumBuilderFont",
  "PDFiumDocument",
  "PDFiumDocumentBuilder",
  "PDFiumError",
  "PDFiumErrorCode",
  "PDFiumFont",
  "PDFiumImageObject",
  "PDFiumPage",
  "PDFiumPageBuilder",
  "PDFiumPageObject",
  "PDFiumPathObject",
  "PDFiumPathSegment",
  "PDFiumTextObject",
  "PageActionType",
  "PageBoxType",
  "PageError",
  "PageMode",
  "PageObjectMarkValueType",
  "PageObjectType",
  "PageRotation",
  "PathFillMode",
  "PathSegmentType",
  "PermissionsError",
  "ProgressivePDFLoader",
  "ProgressiveRenderContext",
  "ProgressiveRenderStatus",
  "RenderError",
  "SaveFlags",
  "TextError",
  "TextRenderMode",
  "TextSearchFlags",
  "VERSION",
  "WASM_HASH",
  "WorkerError",
  "WorkerPDFium",
  "WorkerPDFiumDocument",
  "WorkerPDFiumPage",
  "WorkerProxy",
  "configure",
  "getConfig",
  "getErrorMessage",
]
`;
